// Jest Snapshot v1, https://goo.gl/fbAQLP

exports[`renders demo correctly 1`] = `
<div>
  <div class="ghb-grid">
    <div class="ghb-grid-item" style="flex-basis: 50%;">
      <div class="ghb-grid-item__content ghb-grid-item__content--center">
        <h3 class="demo-sidebar-title">基础用法</h3>
        <div class="ghb-sidebar"><a class="ghb-sidebar-item ghb-sidebar-item--select">
            <div class="ghb-sidebar-item__text">标签名
              <!---->
            </div>
          </a> <a class="ghb-sidebar-item">
            <div class="ghb-sidebar-item__text">标签名
              <!---->
            </div>
          </a> <a class="ghb-sidebar-item">
            <div class="ghb-sidebar-item__text">标签名
              <!---->
            </div>
          </a></div>
      </div>
    </div>
    <div class="ghb-grid-item" style="flex-basis: 50%;">
      <div class="ghb-grid-item__content ghb-grid-item__content--center">
        <h3 class="demo-sidebar-title">徽标提示</h3>
        <div class="ghb-sidebar"><a class="ghb-sidebar-item ghb-sidebar-item--select">
            <div class="ghb-sidebar-item__text">标签名<div class="ghb-info ghb-info--dot ghb-sidebar-item__info"></div>
            </div>
          </a> <a class="ghb-sidebar-item">
            <div class="ghb-sidebar-item__text">标签名<div class="ghb-info ghb-sidebar-item__info">5</div>
            </div>
          </a> <a class="ghb-sidebar-item">
            <div class="ghb-sidebar-item__text">标签名<div class="ghb-info ghb-sidebar-item__info">99+</div>
            </div>
          </a></div>
      </div>
    </div>
    <div class="ghb-grid-item" style="flex-basis: 50%;">
      <div class="ghb-grid-item__content ghb-grid-item__content--center">
        <h3 class="demo-sidebar-title">禁用选项</h3>
        <div class="ghb-sidebar"><a class="ghb-sidebar-item ghb-sidebar-item--select">
            <div class="ghb-sidebar-item__text">标签名
              <!---->
            </div>
          </a> <a class="ghb-sidebar-item ghb-sidebar-item--disabled">
            <div class="ghb-sidebar-item__text">标签名
              <!---->
            </div>
          </a> <a class="ghb-sidebar-item">
            <div class="ghb-sidebar-item__text">标签名
              <!---->
            </div>
          </a></div>
      </div>
    </div>
    <div class="ghb-grid-item" style="flex-basis: 50%;">
      <div class="ghb-grid-item__content ghb-grid-item__content--center">
        <h3 class="demo-sidebar-title">监听切换事件</h3>
        <div class="ghb-sidebar"><a class="ghb-sidebar-item ghb-sidebar-item--select">
            <div class="ghb-sidebar-item__text">标签名1
              <!---->
            </div>
          </a> <a class="ghb-sidebar-item">
            <div class="ghb-sidebar-item__text">标签名2
              <!---->
            </div>
          </a> <a class="ghb-sidebar-item">
            <div class="ghb-sidebar-item__text">标签名3
              <!---->
            </div>
          </a></div>
      </div>
    </div>
  </div>
</div>
`;
