// Jest Snapshot v1, https://goo.gl/fbAQLP

exports[`should allow to custom anchor text 1`] = `
<div class="ghb-index-bar">
  <div class="ghb-index-bar__sidebar"><span data-index="A" class="ghb-index-bar__index">A</span><span data-index="B" class="ghb-index-bar__index">B</span><span data-index="C" class="ghb-index-bar__index">C</span><span data-index="D" class="ghb-index-bar__index">D</span><span data-index="E" class="ghb-index-bar__index">E</span><span data-index="F" class="ghb-index-bar__index">F</span><span data-index="G" class="ghb-index-bar__index">G</span><span data-index="H" class="ghb-index-bar__index">H</span><span data-index="I" class="ghb-index-bar__index">I</span><span data-index="J" class="ghb-index-bar__index">J</span><span data-index="K" class="ghb-index-bar__index">K</span><span data-index="L" class="ghb-index-bar__index">L</span><span data-index="M" class="ghb-index-bar__index">M</span><span data-index="N" class="ghb-index-bar__index">N</span><span data-index="O" class="ghb-index-bar__index">O</span><span data-index="P" class="ghb-index-bar__index">P</span><span data-index="Q" class="ghb-index-bar__index">Q</span><span data-index="R" class="ghb-index-bar__index">R</span><span data-index="S" class="ghb-index-bar__index">S</span><span data-index="T" class="ghb-index-bar__index">T</span><span data-index="U" class="ghb-index-bar__index">U</span><span data-index="V" class="ghb-index-bar__index">V</span><span data-index="W" class="ghb-index-bar__index">W</span><span data-index="X" class="ghb-index-bar__index">X</span><span data-index="Y" class="ghb-index-bar__index">Y</span><span data-index="Z" class="ghb-index-bar__index">Z</span></div>
  <div>
    <div class="ghb-index-anchor">Title A</div>
  </div>
  <div>
    <div class="ghb-index-anchor">Title B</div>
  </div>
</div>
`;

exports[`should update active anchor after page scroll 1`] = `
<div class="ghb-index-bar">
  <div class="ghb-index-bar__sidebar"><span data-index="A" class="ghb-index-bar__index ghb-index-bar__index--active">A</span><span data-index="B" class="ghb-index-bar__index">B</span><span data-index="C" class="ghb-index-bar__index">C</span><span data-index="D" class="ghb-index-bar__index">D</span><span data-index="E" class="ghb-index-bar__index">E</span><span data-index="F" class="ghb-index-bar__index">F</span><span data-index="G" class="ghb-index-bar__index">G</span><span data-index="H" class="ghb-index-bar__index">H</span><span data-index="I" class="ghb-index-bar__index">I</span><span data-index="J" class="ghb-index-bar__index">J</span><span data-index="K" class="ghb-index-bar__index">K</span><span data-index="L" class="ghb-index-bar__index">L</span><span data-index="M" class="ghb-index-bar__index">M</span><span data-index="N" class="ghb-index-bar__index">N</span><span data-index="O" class="ghb-index-bar__index">O</span><span data-index="P" class="ghb-index-bar__index">P</span><span data-index="Q" class="ghb-index-bar__index">Q</span><span data-index="R" class="ghb-index-bar__index">R</span><span data-index="S" class="ghb-index-bar__index">S</span><span data-index="T" class="ghb-index-bar__index">T</span><span data-index="U" class="ghb-index-bar__index">U</span><span data-index="V" class="ghb-index-bar__index">V</span><span data-index="W" class="ghb-index-bar__index">W</span><span data-index="X" class="ghb-index-bar__index">X</span><span data-index="Y" class="ghb-index-bar__index">Y</span><span data-index="Z" class="ghb-index-bar__index">Z</span></div>
  <div data-index="0">
    <div class="ghb-index-anchor">1</div>
  </div>
  <div data-index="1">
    <div class="ghb-index-anchor">2</div>
  </div>
  <div data-index="2">
    <div class="ghb-index-anchor">3</div>
  </div>
  <div data-index="3">
    <div class="ghb-index-anchor">4</div>
  </div>
</div>
`;

exports[`should update active anchor after page scroll 2`] = `
<div class="ghb-index-bar">
  <div class="ghb-index-bar__sidebar"><span data-index="A" class="ghb-index-bar__index">A</span><span data-index="B" class="ghb-index-bar__index ghb-index-bar__index--active">B</span><span data-index="C" class="ghb-index-bar__index">C</span><span data-index="D" class="ghb-index-bar__index">D</span><span data-index="E" class="ghb-index-bar__index">E</span><span data-index="F" class="ghb-index-bar__index">F</span><span data-index="G" class="ghb-index-bar__index">G</span><span data-index="H" class="ghb-index-bar__index">H</span><span data-index="I" class="ghb-index-bar__index">I</span><span data-index="J" class="ghb-index-bar__index">J</span><span data-index="K" class="ghb-index-bar__index">K</span><span data-index="L" class="ghb-index-bar__index">L</span><span data-index="M" class="ghb-index-bar__index">M</span><span data-index="N" class="ghb-index-bar__index">N</span><span data-index="O" class="ghb-index-bar__index">O</span><span data-index="P" class="ghb-index-bar__index">P</span><span data-index="Q" class="ghb-index-bar__index">Q</span><span data-index="R" class="ghb-index-bar__index">R</span><span data-index="S" class="ghb-index-bar__index">S</span><span data-index="T" class="ghb-index-bar__index">T</span><span data-index="U" class="ghb-index-bar__index">U</span><span data-index="V" class="ghb-index-bar__index">V</span><span data-index="W" class="ghb-index-bar__index">W</span><span data-index="X" class="ghb-index-bar__index">X</span><span data-index="Y" class="ghb-index-bar__index">Y</span><span data-index="Z" class="ghb-index-bar__index">Z</span></div>
  <div data-index="0" style="height: 10px;">
    <div class="ghb-index-anchor ghb-index-anchor--sticky ghb-hairline--bottom" style="z-index: undefined; transform: translate3d(0, 0px, 0);">1</div>
  </div>
  <div data-index="1" style="height: 10px;">
    <div class="ghb-index-anchor ghb-index-anchor--sticky ghb-hairline--bottom" style="z-index: undefined; transform: translate3d(0, 10px, 0);">2</div>
  </div>
  <div data-index="2">
    <div class="ghb-index-anchor">3</div>
  </div>
  <div data-index="3">
    <div class="ghb-index-anchor">4</div>
  </div>
</div>
`;
