// Jest Snapshot v1, https://goo.gl/fbAQLP

exports[`renders demo correctly 1`] = `
<div>
  <div>
    <div class="ghb-empty">
      <div class="ghb-empty__image"><img src="https://img01.yzcdn.cn/vant/empty-image-default.png"></div>
      <p class="ghb-empty__description">描述文字</p>
    </div>
  </div>
  <div>
    <div class="ghb-tabs ghb-tabs--line">
      <div class="ghb-tabs__wrap">
        <div role="tablist" class="ghb-tabs__nav ghb-tabs__nav--line">
          <div role="tab" aria-selected="true" class="ghb-tab ghb-tab--active"><span class="ghb-tab__text ghb-tab__text--ellipsis">通用错误</span></div>
          <div role="tab" class="ghb-tab"><span class="ghb-tab__text ghb-tab__text--ellipsis">网络错误</span></div>
          <div role="tab" class="ghb-tab"><span class="ghb-tab__text ghb-tab__text--ellipsis">搜索提示</span></div>
          <div class="ghb-tabs__line" style="transform: translateX(0px) translateX(-50%);"></div>
        </div>
      </div>
      <div class="ghb-tabs__content">
        <div role="tabpanel" class="ghb-tab__pane" style="">
          <div class="ghb-empty">
            <div class="ghb-empty__image"><img src="https://img01.yzcdn.cn/vant/empty-image-error.png"></div>
            <p class="ghb-empty__description">描述文字</p>
          </div>
        </div>
        <div role="tabpanel" class="ghb-tab__pane" style="display: none;">
          <!---->
        </div>
        <div role="tabpanel" class="ghb-tab__pane" style="display: none;">
          <!---->
        </div>
      </div>
    </div>
  </div>
  <div>
    <div class="custom-image ghb-empty">
      <div class="ghb-empty__image"><img src="https://img01.yzcdn.cn/vant/custom-empty-image.png"></div>
      <p class="ghb-empty__description">描述文字</p>
    </div>
  </div>
  <div>
    <div class="ghb-empty">
      <div class="ghb-empty__image"><img src="https://img01.yzcdn.cn/vant/empty-image-default.png"></div>
      <p class="ghb-empty__description">描述文字</p>
      <div class="ghb-empty__bottom"><button class="bottom-button ghb-button ghb-button--danger ghb-button--normal ghb-button--round">
          <div class="ghb-button__content"><span class="ghb-button__text">
        按钮
      </span></div>
        </button></div>
    </div>
  </div>
</div>
`;
