// Jest Snapshot v1, https://goo.gl/fbAQLP

exports[`renders demo correctly 1`] = `
<div>
  <div>
    <div class="ghb-skeleton ghb-skeleton--animate">
      <div class="ghb-skeleton__content">
        <h3 class="ghb-skeleton__title"></h3>
        <div class="ghb-skeleton__row" style="width: 100%;"></div>
        <div class="ghb-skeleton__row" style="width: 100%;"></div>
        <div class="ghb-skeleton__row" style="width: 60%;"></div>
      </div>
    </div>
  </div>
  <div>
    <div class="ghb-skeleton ghb-skeleton--animate">
      <div class="ghb-skeleton__avatar ghb-skeleton__avatar--round"></div>
      <div class="ghb-skeleton__content">
        <h3 class="ghb-skeleton__title"></h3>
        <div class="ghb-skeleton__row" style="width: 100%;"></div>
        <div class="ghb-skeleton__row" style="width: 100%;"></div>
        <div class="ghb-skeleton__row" style="width: 60%;"></div>
      </div>
    </div>
  </div>
  <div>
    <div role="switch" aria-checked="false" class="ghb-switch" style="font-size: 24px;">
      <div class="ghb-switch__node"></div>
    </div>
    <div class="ghb-skeleton ghb-skeleton--animate">
      <div class="ghb-skeleton__avatar ghb-skeleton__avatar--round"></div>
      <div class="ghb-skeleton__content">
        <h3 class="ghb-skeleton__title"></h3>
        <div class="ghb-skeleton__row" style="width: 100%;"></div>
        <div class="ghb-skeleton__row" style="width: 100%;"></div>
        <div class="ghb-skeleton__row" style="width: 60%;"></div>
      </div>
    </div>
  </div>
</div>
`;
