// Jest Snapshot v1, https://goo.gl/fbAQLP

exports[`renders demo correctly 1`] = `
<div>
  <div class="ghb-tabs ghb-tabs--line">
    <div class="ghb-tabs__wrap">
      <div role="tablist" class="ghb-tabs__nav ghb-tabs__nav--line">
        <div role="tab" aria-selected="true" class="ghb-tab ghb-tab--active"><span class="ghb-tab__text ghb-tab__text--ellipsis">基础用法</span></div>
        <div role="tab" class="ghb-tab"><span class="ghb-tab__text ghb-tab__text--ellipsis">错误提示</span></div>
        <div role="tab" class="ghb-tab"><span class="ghb-tab__text ghb-tab__text--ellipsis">下拉刷新</span></div>
        <div class="ghb-tabs__line" style="transform: translateX(0px) translateX(-50%);"></div>
      </div>
    </div>
    <div class="ghb-tabs__content">
      <div role="tabpanel" class="ghb-tab__pane" style="">
        <div role="feed" class="ghb-list" aria-busy="true">
          <div class="ghb-list__loading">
            <div class="ghb-loading ghb-loading--circular"><span class="ghb-loading__spinner ghb-loading__spinner--circular" style="width: 16px; height: 16px;"><svg viewBox="25 25 50 50" class="ghb-loading__circular"><circle cx="50" cy="50" r="20" fill="none"></circle></svg></span><span class="ghb-loading__text">加载中...</span></div>
          </div>
          <div class="ghb-list__placeholder"></div>
        </div>
      </div>
      <div role="tabpanel" class="ghb-tab__pane" style="display: none;">
        <!---->
      </div>
      <div role="tabpanel" class="ghb-tab__pane" style="display: none;">
        <!---->
      </div>
    </div>
  </div>
</div>
`;
