// Jest Snapshot v1, https://goo.gl/fbAQLP

exports[`renders demo correctly 1`] = `
<div>
  <div>
    <div class="ghb-row">
      <div class="ghb-image" style="width: 100px; height: 100px;"><img src="https://img01.yzcdn.cn/vant/cat.jpeg" class="ghb-image__img">
        <div class="ghb-image__loading"><i class="ghb-icon ghb-icon-photo ghb-image__loading-icon">
            <!----></i></div>
      </div>
    </div>
  </div>
  <div>
    <div class="ghb-row">
      <div class="ghb-col ghb-col--8" style="padding-right: 13.333333333333334px;">
        <div class="ghb-image" style="width: 100%; height: 27vw;"><img src="https://img01.yzcdn.cn/vant/cat.jpeg" class="ghb-image__img" style="object-fit: contain;">
          <div class="ghb-image__loading"><i class="ghb-icon ghb-icon-photo ghb-image__loading-icon">
              <!----></i></div>
        </div>
        <div class="text">contain</div>
      </div>
      <div class="ghb-col ghb-col--8" style="padding-left: 6.666666666666666px; padding-right: 6.666666666666668px;">
        <div class="ghb-image" style="width: 100%; height: 27vw;"><img src="https://img01.yzcdn.cn/vant/cat.jpeg" class="ghb-image__img" style="object-fit: cover;">
          <div class="ghb-image__loading"><i class="ghb-icon ghb-icon-photo ghb-image__loading-icon">
              <!----></i></div>
        </div>
        <div class="text">cover</div>
      </div>
      <div class="ghb-col ghb-col--8" style="padding-left: 13.333333333333332px;">
        <div class="ghb-image" style="width: 100%; height: 27vw;"><img src="https://img01.yzcdn.cn/vant/cat.jpeg" class="ghb-image__img" style="object-fit: fill;">
          <div class="ghb-image__loading"><i class="ghb-icon ghb-icon-photo ghb-image__loading-icon">
              <!----></i></div>
        </div>
        <div class="text">fill</div>
      </div>
      <div class="ghb-col ghb-col--8" style="padding-right: 10px;">
        <div class="ghb-image" style="width: 100%; height: 27vw;"><img src="https://img01.yzcdn.cn/vant/cat.jpeg" class="ghb-image__img" style="object-fit: none;">
          <div class="ghb-image__loading"><i class="ghb-icon ghb-icon-photo ghb-image__loading-icon">
              <!----></i></div>
        </div>
        <div class="text">none</div>
      </div>
      <div class="ghb-col ghb-col--8" style="padding-left: 10px;">
        <div class="ghb-image" style="width: 100%; height: 27vw;"><img src="https://img01.yzcdn.cn/vant/cat.jpeg" class="ghb-image__img" style="object-fit: scale-down;">
          <div class="ghb-image__loading"><i class="ghb-icon ghb-icon-photo ghb-image__loading-icon">
              <!----></i></div>
        </div>
        <div class="text">scale-down</div>
      </div>
    </div>
  </div>
  <div>
    <div class="ghb-row">
      <div class="ghb-col ghb-col--8" style="padding-right: 13.333333333333334px;">
        <div class="ghb-image ghb-image--round" style="width: 100%; height: 27vw;"><img src="https://img01.yzcdn.cn/vant/cat.jpeg" class="ghb-image__img" style="object-fit: contain;">
          <div class="ghb-image__loading"><i class="ghb-icon ghb-icon-photo ghb-image__loading-icon">
              <!----></i></div>
        </div>
        <div class="text">contain</div>
      </div>
      <div class="ghb-col ghb-col--8" style="padding-left: 6.666666666666666px; padding-right: 6.666666666666668px;">
        <div class="ghb-image ghb-image--round" style="width: 100%; height: 27vw;"><img src="https://img01.yzcdn.cn/vant/cat.jpeg" class="ghb-image__img" style="object-fit: cover;">
          <div class="ghb-image__loading"><i class="ghb-icon ghb-icon-photo ghb-image__loading-icon">
              <!----></i></div>
        </div>
        <div class="text">cover</div>
      </div>
      <div class="ghb-col ghb-col--8" style="padding-left: 13.333333333333332px;">
        <div class="ghb-image ghb-image--round" style="width: 100%; height: 27vw;"><img src="https://img01.yzcdn.cn/vant/cat.jpeg" class="ghb-image__img" style="object-fit: fill;">
          <div class="ghb-image__loading"><i class="ghb-icon ghb-icon-photo ghb-image__loading-icon">
              <!----></i></div>
        </div>
        <div class="text">fill</div>
      </div>
      <div class="ghb-col ghb-col--8" style="padding-right: 10px;">
        <div class="ghb-image ghb-image--round" style="width: 100%; height: 27vw;"><img src="https://img01.yzcdn.cn/vant/cat.jpeg" class="ghb-image__img" style="object-fit: none;">
          <div class="ghb-image__loading"><i class="ghb-icon ghb-icon-photo ghb-image__loading-icon">
              <!----></i></div>
        </div>
        <div class="text">none</div>
      </div>
      <div class="ghb-col ghb-col--8" style="padding-left: 10px;">
        <div class="ghb-image ghb-image--round" style="width: 100%; height: 27vw;"><img src="https://img01.yzcdn.cn/vant/cat.jpeg" class="ghb-image__img" style="object-fit: scale-down;">
          <div class="ghb-image__loading"><i class="ghb-icon ghb-icon-photo ghb-image__loading-icon">
              <!----></i></div>
        </div>
        <div class="text">scale-down</div>
      </div>
    </div>
  </div>
  <div>
    <div class="ghb-row">
      <div class="ghb-col ghb-col--8" style="padding-right: 10px;">
        <div class="ghb-image" style="width: 100%; height: 27vw;"><img class="ghb-image__img">
          <div class="ghb-image__loading"><i class="ghb-icon ghb-icon-photo ghb-image__loading-icon">
              <!----></i></div>
        </div>
        <div class="text">默认提示</div>
      </div>
      <div class="ghb-col ghb-col--8" style="padding-left: 10px;">
        <div class="ghb-image" style="width: 100%; height: 27vw;"><img class="ghb-image__img">
          <div class="ghb-image__loading">
            <div class="ghb-loading ghb-loading--spinner"><span class="ghb-loading__spinner ghb-loading__spinner--spinner" style="width: 20px; height: 20px;"><i></i><i></i><i></i><i></i><i></i><i></i><i></i><i></i><i></i><i></i><i></i><i></i></span></div>
          </div>
        </div>
        <div class="text">自定义提示</div>
      </div>
    </div>
  </div>
  <div>
    <div class="ghb-row">
      <div class="ghb-col ghb-col--8" style="padding-right: 10px;">
        <div class="ghb-image" style="width: 100%; height: 27vw;"><img src="x" class="ghb-image__img">
          <div class="ghb-image__loading"><i class="ghb-icon ghb-icon-photo ghb-image__loading-icon">
              <!----></i></div>
        </div>
        <div class="text">默认提示</div>
      </div>
      <div class="ghb-col ghb-col--8" style="padding-left: 10px;">
        <div class="ghb-image" style="width: 100%; height: 27vw;"><img src="x" class="ghb-image__img">
          <div class="ghb-image__loading"><i class="ghb-icon ghb-icon-photo ghb-image__loading-icon">
              <!----></i></div>
        </div>
        <div class="text">自定义提示</div>
      </div>
    </div>
  </div>
</div>
`;
