// Jest Snapshot v1, https://goo.gl/fbAQLP

exports[`should render ContactList correctly 1`] = `
<div class="ghb-contact-list">
  <div role="radiogroup" class="ghb-radio-group ghb-contact-list__group">
    <div role="button" tabindex="0" class="ghb-cell ghb-cell--clickable ghb-cell--center ghb-contact-list__item"><i class="ghb-icon ghb-icon-edit ghb-contact-list__edit">
        <!----></i>
      <div class="ghb-cell__value ghb-cell__value--alone ghb-contact-list__item-value">test，123123213</div>
      <div role="radio" tabindex="0" aria-checked="true" class="ghb-radio">
        <div class="ghb-radio__icon ghb-radio__icon--round ghb-radio__icon--checked" style="font-size: 16px;"><i class="ghb-icon ghb-icon-success" style="border-color: #ee0a24; background-color: rgb(238, 10, 36);">
            <!----></i></div>
      </div>
    </div>
  </div>
  <div class="ghb-contact-list__bottom"><button class="ghb-button ghb-button--danger ghb-button--normal ghb-button--block ghb-button--round ghb-contact-list__add">
      <div class="ghb-button__content"><span class="ghb-button__text">新建联系人</span></div>
    </button></div>
</div>
`;
