// Jest Snapshot v1, https://goo.gl/fbAQLP

exports[`renders demo correctly 1`] = `
<div>
  <div>
    <div>
      <div class="ghb-swipe-cell">
        <div class="ghb-swipe-cell__wrapper" style="transform: translate3d(0px, 0, 0); transition-duration: .6s;">
          <div class="ghb-swipe-cell__left"><button class="ghb-button ghb-button--primary ghb-button--normal ghb-button--square">
              <div class="ghb-button__content"><span class="ghb-button__text">选择</span></div>
            </button></div>
          <div class="ghb-cell ghb-cell--borderless">
            <div class="ghb-cell__title"><span>单元格</span></div>
            <div class="ghb-cell__value"><span>内容</span></div>
          </div>
          <div class="ghb-swipe-cell__right"><button class="ghb-button ghb-button--danger ghb-button--normal ghb-button--square">
              <div class="ghb-button__content"><span class="ghb-button__text">删除</span></div>
            </button> <button class="ghb-button ghb-button--primary ghb-button--normal ghb-button--square">
              <div class="ghb-button__content"><span class="ghb-button__text">收藏</span></div>
            </button></div>
        </div>
      </div>
    </div>
    <div>
      <div class="ghb-swipe-cell">
        <div class="ghb-swipe-cell__wrapper" style="transform: translate3d(0px, 0, 0); transition-duration: .6s;">
          <div class="ghb-card">
            <div class="ghb-card__header"><a class="ghb-card__thumb">
                <div class="ghb-image" style="width: 100%; height: 100%;"><img src="https://img01.yzcdn.cn/vant/ipad.jpeg" class="ghb-image__img" style="object-fit: cover;">
                  <div class="ghb-image__loading"><i class="ghb-icon ghb-icon-photo ghb-image__loading-icon">
                      <!----></i></div>
                </div>
              </a>
              <div class="ghb-card__content">
                <div>
                  <div class="ghb-card__title ghb-multi-ellipsis--l2">商品标题</div>
                  <div class="ghb-card__desc ghb-ellipsis">描述信息</div>
                </div>
                <div class="ghb-card__bottom">
                  <div class="ghb-card__price">
                    <div><span class="ghb-card__price-currency">¥</span><span class="ghb-card__price-integer">2</span>.<span class="ghb-card__price-decimal">00</span></div>
                  </div>
                  <div class="ghb-card__num">x2</div>
                </div>
              </div>
            </div>
          </div>
          <div class="ghb-swipe-cell__right"><button class="delete-button ghb-button ghb-button--danger ghb-button--normal ghb-button--square">
              <div class="ghb-button__content"><span class="ghb-button__text">删除</span></div>
            </button></div>
        </div>
      </div>
    </div>
    <div>
      <div class="ghb-swipe-cell">
        <div class="ghb-swipe-cell__wrapper" style="transform: translate3d(0px, 0, 0); transition-duration: .6s;">
          <div class="ghb-swipe-cell__left"><button class="ghb-button ghb-button--primary ghb-button--normal ghb-button--square">
              <div class="ghb-button__content"><span class="ghb-button__text">选择</span></div>
            </button></div>
          <div class="ghb-cell ghb-cell--borderless">
            <div class="ghb-cell__title"><span>单元格</span></div>
            <div class="ghb-cell__value"><span>内容</span></div>
          </div>
          <div class="ghb-swipe-cell__right"><button class="ghb-button ghb-button--danger ghb-button--normal ghb-button--square">
              <div class="ghb-button__content"><span class="ghb-button__text">删除</span></div>
            </button></div>
        </div>
      </div>
    </div>
  </div>
</div>
`;
