// Jest Snapshot v1, https://goo.gl/fbAQLP

exports[`renders demo correctly 1`] = `
<div>
  <div>
    <div role="switch" aria-checked="true" class="ghb-switch ghb-switch--on">
      <div class="ghb-switch__node"></div>
    </div>
  </div>
  <div>
    <div role="switch" aria-checked="true" class="ghb-switch ghb-switch--on ghb-switch--disabled">
      <div class="ghb-switch__node"></div>
    </div>
  </div>
  <div>
    <div role="switch" aria-checked="true" class="ghb-switch ghb-switch--on ghb-switch--loading">
      <div class="ghb-switch__node">
        <div class="ghb-loading ghb-loading--circular ghb-switch__loading"><span class="ghb-loading__spinner ghb-loading__spinner--circular"><svg viewBox="25 25 50 50" class="ghb-loading__circular"><circle cx="50" cy="50" r="20" fill="none"></circle></svg></span></div>
      </div>
    </div>
  </div>
  <div>
    <div role="switch" aria-checked="true" class="ghb-switch ghb-switch--on" style="font-size: 24px;">
      <div class="ghb-switch__node"></div>
    </div>
  </div>
  <div>
    <div role="switch" aria-checked="true" class="ghb-switch ghb-switch--on" style="background-color: rgb(238, 10, 36);">
      <div class="ghb-switch__node"></div>
    </div>
  </div>
  <div>
    <div role="switch" aria-checked="true" class="ghb-switch ghb-switch--on">
      <div class="ghb-switch__node"></div>
    </div>
  </div>
  <div>
    <div class="ghb-cell ghb-cell--center">
      <div class="ghb-cell__title"><span>标题</span></div>
      <div role="switch" aria-checked="true" class="ghb-switch ghb-switch--on" style="font-size: 24px;">
        <div class="ghb-switch__node"></div>
      </div>
    </div>
  </div>
</div>
`;
